<?php return array (
  0 => 'Symfony\\Bundle\\FrameworkBundle\\Controller\\AbstractController',
  1 => 'App\\Controller\\AboutController',
  2 => 'App\\Controller\\AbstractController',
  3 => 'App\\Controller\\ActivityController',
  4 => 'App\\Controller\\Auth\\SamlController',
  5 => 'App\\Controller\\BookmarkController',
  6 => 'App\\Controller\\CalendarController',
  7 => 'App\\Controller\\ContractController',
  8 => 'App\\Controller\\CustomerController',
  9 => 'App\\Controller\\DashboardController',
  10 => 'App\\Controller\\DoctorController',
  11 => 'App\\Controller\\ExportController',
  12 => 'App\\Controller\\FavoriteController',
  13 => 'App\\Controller\\HelpController',
  14 => 'App\\Controller\\HomepageController',
  15 => 'App\\Controller\\InvoiceController',
  16 => 'App\\Controller\\PermissionController',
  17 => 'App\\Controller\\PluginController',
  18 => 'App\\Controller\\ProfileController',
  19 => 'App\\Controller\\ProjectController',
  20 => 'App\\Controller\\QuickEntryController',
  21 => 'App\\Controller\\ReportingController',
  22 => 'App\\Controller\\Reporting\\AbstractUserReportController',
  23 => 'App\\Controller\\Reporting\\CustomerMonthlyProjectsController',
  24 => 'App\\Controller\\Reporting\\ProjectDateRangeController',
  25 => 'App\\Controller\\Reporting\\ProjectDetailsController',
  26 => 'App\\Controller\\Reporting\\ProjectInactiveController',
  27 => 'App\\Controller\\Reporting\\ProjectViewController',
  28 => 'App\\Controller\\Reporting\\ReportUsersMonthController',
  29 => 'App\\Controller\\Reporting\\ReportUsersWeekController',
  30 => 'App\\Controller\\Reporting\\ReportUsersYearController',
  31 => 'App\\Controller\\Reporting\\UserMonthController',
  32 => 'App\\Controller\\Reporting\\UserWeekController',
  33 => 'App\\Controller\\Reporting\\UserYearController',
  34 => 'App\\Controller\\Security\\LoginLinkController',
  35 => 'App\\Controller\\Security\\PasswordResetController',
  36 => 'App\\Controller\\Security\\SecurityController',
  37 => 'App\\Controller\\Security\\SelfRegistrationController',
  38 => 'App\\Controller\\SystemConfigurationController',
  39 => 'App\\Controller\\TagController',
  40 => 'App\\Controller\\TeamController',
  41 => 'App\\Controller\\TimesheetAbstractController',
  42 => 'App\\Controller\\TimesheetController',
  43 => 'App\\Controller\\TimesheetTeamController',
  44 => 'App\\Controller\\UserController',
  45 => 'App\\Controller\\WidgetController',
  46 => 'App\\Controller\\WizardController',
  47 => 'App\\Entity\\AccessToken',
  48 => 'App\\Entity\\Activity',
  49 => 'App\\Entity\\ActivityMeta',
  50 => 'App\\Entity\\ActivityRate',
  51 => 'App\\Entity\\Bookmark',
  52 => 'App\\Entity\\BudgetTrait',
  53 => 'App\\Entity\\ColorTrait',
  54 => 'App\\Entity\\CommentInterface',
  55 => 'App\\Entity\\CommentTableTypeTrait',
  56 => 'App\\Entity\\Configuration',
  57 => 'App\\Entity\\Customer',
  58 => 'App\\Entity\\CustomerComment',
  59 => 'App\\Entity\\CustomerMeta',
  60 => 'App\\Entity\\CustomerRate',
  61 => 'App\\Entity\\EntityWithBudget',
  62 => 'App\\Entity\\EntityWithMetaFields',
  63 => 'App\\Entity\\ExportableItem',
  64 => 'App\\Entity\\Invoice',
  65 => 'App\\Entity\\InvoiceMeta',
  66 => 'App\\Entity\\InvoiceTemplate',
  67 => 'App\\Entity\\MetaTableTypeInterface',
  68 => 'App\\Entity\\MetaTableTypeTrait',
  69 => 'App\\Entity\\Project',
  70 => 'App\\Entity\\ProjectComment',
  71 => 'App\\Entity\\ProjectMeta',
  72 => 'App\\Entity\\ProjectRate',
  73 => 'App\\Entity\\Rate',
  74 => 'App\\Entity\\RateInterface',
  75 => 'App\\Entity\\Role',
  76 => 'App\\Entity\\RolePermission',
  77 => 'App\\Entity\\Tag',
  78 => 'App\\Entity\\Team',
  79 => 'App\\Entity\\TeamMember',
  80 => 'App\\Entity\\Timesheet',
  81 => 'App\\Entity\\TimesheetMeta',
  82 => 'App\\Entity\\User',
  83 => 'App\\Entity\\UserPreference',
  84 => 'App\\Entity\\WorkingTime',
  85 => 'Doctrine\\Bundle\\DoctrineBundle\\Controller\\ProfilerController',
  86 => 'Doctrine\\ORM\\Cache\\Persister\\Entity\\AbstractEntityPersister',
  87 => 'Doctrine\\ORM\\Cache\\Persister\\Entity\\CachedEntityPersister',
  88 => 'Doctrine\\ORM\\Cache\\Persister\\Entity\\NonStrictReadWriteCachedEntityPersister',
  89 => 'Doctrine\\ORM\\Cache\\Persister\\Entity\\ReadOnlyCachedEntityPersister',
  90 => 'Doctrine\\ORM\\Cache\\Persister\\Entity\\ReadWriteCachedEntityPersister',
  91 => 'Doctrine\\ORM\\Persisters\\Entity\\AbstractEntityInheritancePersister',
  92 => 'Doctrine\\ORM\\Persisters\\Entity\\BasicEntityPersister',
  93 => 'Doctrine\\ORM\\Persisters\\Entity\\CachedPersisterContext',
  94 => 'Doctrine\\ORM\\Persisters\\Entity\\EntityPersister',
  95 => 'Doctrine\\ORM\\Persisters\\Entity\\JoinedSubclassPersister',
  96 => 'Doctrine\\ORM\\Persisters\\Entity\\SingleTablePersister',
  97 => 'FOS\\RestBundle\\Controller\\AbstractFOSRestController',
  98 => 'FOS\\RestBundle\\Controller\\Annotations\\AbstractParam',
  99 => 'FOS\\RestBundle\\Controller\\Annotations\\AbstractScalarParam',
  100 => 'FOS\\RestBundle\\Controller\\Annotations\\Copy',
  101 => 'FOS\\RestBundle\\Controller\\Annotations\\Delete',
  102 => 'FOS\\RestBundle\\Controller\\Annotations\\FileParam',
  103 => 'FOS\\RestBundle\\Controller\\Annotations\\Get',
  104 => 'FOS\\RestBundle\\Controller\\Annotations\\Head',
  105 => 'FOS\\RestBundle\\Controller\\Annotations\\Link',
  106 => 'FOS\\RestBundle\\Controller\\Annotations\\Lock',
  107 => 'FOS\\RestBundle\\Controller\\Annotations\\Mkcol',
  108 => 'FOS\\RestBundle\\Controller\\Annotations\\Move',
  109 => 'FOS\\RestBundle\\Controller\\Annotations\\Options',
  110 => 'FOS\\RestBundle\\Controller\\Annotations\\ParamInterface',
  111 => 'FOS\\RestBundle\\Controller\\Annotations\\Patch',
  112 => 'FOS\\RestBundle\\Controller\\Annotations\\Post',
  113 => 'FOS\\RestBundle\\Controller\\Annotations\\PropFind',
  114 => 'FOS\\RestBundle\\Controller\\Annotations\\PropPatch',
  115 => 'FOS\\RestBundle\\Controller\\Annotations\\Put',
  116 => 'FOS\\RestBundle\\Controller\\Annotations\\QueryParam',
  117 => 'FOS\\RestBundle\\Controller\\Annotations\\RequestParam',
  118 => 'FOS\\RestBundle\\Controller\\Annotations\\Route',
  119 => 'FOS\\RestBundle\\Controller\\Annotations\\Unlink',
  120 => 'FOS\\RestBundle\\Controller\\Annotations\\Unlock',
  121 => 'FOS\\RestBundle\\Controller\\Annotations\\View',
  122 => 'FOS\\RestBundle\\Controller\\ControllerTrait',
  123 => 'Gedmo\\Loggable\\Entity\\LogEntry',
  124 => 'Gedmo\\Loggable\\Entity\\MappedSuperclass\\AbstractLogEntry',
  125 => 'Gedmo\\Loggable\\Entity\\Repository\\LogEntryRepository',
  126 => 'Gedmo\\Sortable\\Entity\\Repository\\SortableRepository',
  127 => 'Gedmo\\Translatable\\Entity\\MappedSuperclass\\AbstractPersonalTranslation',
  128 => 'Gedmo\\Translatable\\Entity\\MappedSuperclass\\AbstractTranslation',
  129 => 'Gedmo\\Translatable\\Entity\\Repository\\TranslationRepository',
  130 => 'Gedmo\\Translatable\\Entity\\Translation',
  131 => 'Gedmo\\Translator\\Entity\\Translation',
  132 => 'Gedmo\\Tree\\Entity\\MappedSuperclass\\AbstractClosure',
  133 => 'Gedmo\\Tree\\Entity\\Repository\\AbstractTreeRepository',
  134 => 'Gedmo\\Tree\\Entity\\Repository\\ClosureTreeRepository',
  135 => 'Gedmo\\Tree\\Entity\\Repository\\MaterializedPathRepository',
  136 => 'Gedmo\\Tree\\Entity\\Repository\\NestedTreeRepository',
  137 => 'Nelmio\\ApiDocBundle\\Controller\\DocumentationController',
  138 => 'Nelmio\\ApiDocBundle\\Controller\\SwaggerUiController',
  139 => 'Nelmio\\ApiDocBundle\\Controller\\YamlDocumentationController',
  140 => 'OpenSpout\\Common\\Entity\\Cell',
  141 => 'OpenSpout\\Common\\Entity\\Cell\\BooleanCell',
  142 => 'OpenSpout\\Common\\Entity\\Cell\\DateIntervalCell',
  143 => 'OpenSpout\\Common\\Entity\\Cell\\DateTimeCell',
  144 => 'OpenSpout\\Common\\Entity\\Cell\\EmptyCell',
  145 => 'OpenSpout\\Common\\Entity\\Cell\\ErrorCell',
  146 => 'OpenSpout\\Common\\Entity\\Cell\\FormulaCell',
  147 => 'OpenSpout\\Common\\Entity\\Cell\\NumericCell',
  148 => 'OpenSpout\\Common\\Entity\\Cell\\StringCell',
  149 => 'OpenSpout\\Common\\Entity\\Comment\\Comment',
  150 => 'OpenSpout\\Common\\Entity\\Comment\\TextRun',
  151 => 'OpenSpout\\Common\\Entity\\Row',
  152 => 'OpenSpout\\Common\\Entity\\Style\\Border',
  153 => 'OpenSpout\\Common\\Entity\\Style\\BorderPart',
  154 => 'OpenSpout\\Common\\Entity\\Style\\CellAlignment',
  155 => 'OpenSpout\\Common\\Entity\\Style\\CellVerticalAlignment',
  156 => 'OpenSpout\\Common\\Entity\\Style\\Color',
  157 => 'OpenSpout\\Common\\Entity\\Style\\Style',
  158 => 'OpenSpout\\Writer\\Common\\Entity\\Sheet',
  159 => 'OpenSpout\\Writer\\Common\\Entity\\Workbook',
  160 => 'OpenSpout\\Writer\\Common\\Entity\\Worksheet',
  161 => 'OpenSpout\\Writer\\XLSX\\Entity\\SheetView',
  162 => 'Scheb\\TwoFactorBundle\\Controller\\FormController',
  164 => 'Symfony\\Bundle\\FrameworkBundle\\Controller\\ControllerResolver',
  165 => 'Symfony\\Bundle\\FrameworkBundle\\Controller\\RedirectController',
  166 => 'Symfony\\Bundle\\FrameworkBundle\\Controller\\TemplateController',
  167 => 'Symfony\\Bundle\\WebProfilerBundle\\Controller\\ExceptionPanelController',
  168 => 'Symfony\\Bundle\\WebProfilerBundle\\Controller\\ProfilerController',
  169 => 'Symfony\\Bundle\\WebProfilerBundle\\Controller\\RouterController',
  170 => 'Symfony\\Component\\HttpKernel\\Controller\\ArgumentResolver',
  171 => 'Symfony\\Component\\HttpKernel\\Controller\\ArgumentResolverInterface',
  172 => 'Symfony\\Component\\HttpKernel\\Controller\\ArgumentResolver\\BackedEnumValueResolver',
  173 => 'Symfony\\Component\\HttpKernel\\Controller\\ArgumentResolver\\DateTimeValueResolver',
  174 => 'Symfony\\Component\\HttpKernel\\Controller\\ArgumentResolver\\DefaultValueResolver',
  175 => 'Symfony\\Component\\HttpKernel\\Controller\\ArgumentResolver\\NotTaggedControllerValueResolver',
  176 => 'Symfony\\Component\\HttpKernel\\Controller\\ArgumentResolver\\QueryParameterValueResolver',
  177 => 'Symfony\\Component\\HttpKernel\\Controller\\ArgumentResolver\\RequestAttributeValueResolver',
  178 => 'Symfony\\Component\\HttpKernel\\Controller\\ArgumentResolver\\RequestPayloadValueResolver',
  179 => 'Symfony\\Component\\HttpKernel\\Controller\\ArgumentResolver\\RequestValueResolver',
  180 => 'Symfony\\Component\\HttpKernel\\Controller\\ArgumentResolver\\ServiceValueResolver',
  181 => 'Symfony\\Component\\HttpKernel\\Controller\\ArgumentResolver\\SessionValueResolver',
  182 => 'Symfony\\Component\\HttpKernel\\Controller\\ArgumentResolver\\TraceableValueResolver',
  183 => 'Symfony\\Component\\HttpKernel\\Controller\\ArgumentResolver\\UidValueResolver',
  184 => 'Symfony\\Component\\HttpKernel\\Controller\\ArgumentResolver\\VariadicValueResolver',
  185 => 'Symfony\\Component\\HttpKernel\\Controller\\ArgumentValueResolverInterface',
  186 => 'Symfony\\Component\\HttpKernel\\Controller\\ContainerControllerResolver',
  187 => 'Symfony\\Component\\HttpKernel\\Controller\\ControllerReference',
  188 => 'Symfony\\Component\\HttpKernel\\Controller\\ControllerResolver',
  189 => 'Symfony\\Component\\HttpKernel\\Controller\\ControllerResolverInterface',
  190 => 'Symfony\\Component\\HttpKernel\\Controller\\ErrorController',
  191 => 'Symfony\\Component\\HttpKernel\\Controller\\TraceableArgumentResolver',
  192 => 'Symfony\\Component\\HttpKernel\\Controller\\TraceableControllerResolver',
  193 => 'Symfony\\Component\\HttpKernel\\Controller\\ValueResolverInterface',
  194 => 'Symfony\\Component\\Security\\Http\\Controller\\SecurityTokenValueResolver',
  195 => 'Symfony\\Component\\Security\\Http\\Controller\\UserValueResolver',
);